{
    "homo sapiens - fasta + bam": {
        "content": [
            {
                "0": [
                    [
                        {
                            "id": "test_bam",
                            "single_end": false
                        },
                        [
                            "test_bam.1.fastq.gz:md5,9ed3da4bef24ea8c552133500dd7692f",
                            "test_bam.2.fastq.gz:md5,7e1c980ad299916e3cd1ac5fd7aabb4e"
                        ]
                    ]
                ],
                "1": [
                    "versions.yml:md5,9d1dfeb98e4dbaa40904ea2e57459acc"
                ],
                "fastqgz": [
                    [
                        {
                            "id": "test_bam",
                            "single_end": false
                        },
                        [
                            "test_bam.1.fastq.gz:md5,9ed3da4bef24ea8c552133500dd7692f",
                            "test_bam.2.fastq.gz:md5,7e1c980ad299916e3cd1ac5fd7aabb4e"
                        ]
                    ]
                ],
                "versions": [
                    "versions.yml:md5,9d1dfeb98e4dbaa40904ea2e57459acc"
                ]
            }
        ],
        "meta": {
            "nf-test": "0.8.4",
            "nextflow": "23.10.1"
        },
        "timestamp": "2024-03-20T20:05:54.529717944"
    }
}